[root@d2-krw1a-dp-cvc-engine-01 cvc]# docker-compose restart
WARN[0000] /cvc/docker-compose.yaml: the attribute `version` is obsolete, it will be ignored, please remove it to avoid potential confusion 
[+] Restarting 2/2
 ✔ Container cvc-otel-collector-1  Started                                                                                                                                                                                        0.6s 
 ✔ Container cvc-cvc-app-1         Started                                                                                                                                                                                        0.7s 
[root@d2-krw1a-dp-cvc-engine-01 cvc]# docker ps -a
CONTAINER ID   IMAGE                                                                                                           COMMAND                  CREATED          STATUS                    PORTS                               
          NAMES
8e6e80ad52e0   paascommon-edcnnztb.scr.private.kr-west1.dev2.samsungsdscloud.com/cvc/opentelemetry-collector-contrib:0.118.0   "/otelcol-contrib --…"   22 minutes ago   Exited (1) 1 second ago                                       
          cvc-otel-collector-1
06ffb51b9904   paascommon-edcnnztb.scr.private.kr-west1.dev2.samsungsdscloud.com/cvc/cvc-scanner:latest                        "java -cp @/app/jib-…"   22 minutes ago   Up 2 seconds              0.0.0.0:8081->8081/tcp, [::]:8081->8
081/tcp   cvc-cvc-app-1
[root@d2-krw1a-dp-cvc-engine-01 cvc]# docker logs 8e6e80ad52e0
Error: failed to get config: cannot resolve the configuration: cannot retrieve the configuration: unable to read the file file:/etc/otelcol-contrib/config.yaml: open /etc/otelcol-contrib/config.yaml: permission denied
2025/04/24 02:42:31 collector server run finished with error: failed to get config: cannot resolve the configuration: cannot retrieve the configuration: unable to read the file file:/etc/otelcol-contrib/config.yaml: open /etc/otelc
ol-contrib/config.yaml: permission denied
Error: failed to get config: cannot resolve the configuration: cannot retrieve the configuration: unable to read the file file:/etc/otelcol-contrib/config.yaml: open /etc/otelcol-contrib/config.yaml: permission denied
2025/04/24 02:43:44 collector server run finished with error: failed to get config: cannot resolve the configuration: cannot retrieve the configuration: unable to read the file file:/etc/otelcol-contrib/config.yaml: open /etc/otelc
ol-contrib/config.yaml: permission denied
Error: failed to get config: cannot resolve the configuration: cannot retrieve the configuration: unable to read the file file:/etc/otelcol-contrib/config.yaml: open /etc/otelcol-contrib/config.yaml: permission denied
2025/04/24 03:01:39 collector server run finished with error: failed to get config: cannot resolve the configuration: cannot retrieve the configuration: unable to read the file file:/etc/otelcol-contrib/config.yaml: open /etc/otelc
ol-contrib/config.yaml: permission denied
Error: failed to get config: cannot resolve the configuration: cannot retrieve the configuration: unable to read the file file:/etc/otelcol-contrib/config.yaml: open /etc/otelcol-contrib/config.yaml: permission denied
2025/04/24 03:05:03 collector server run finished with error: failed to get config: cannot resolve the configuration: cannot retrieve the configuration: unable to read the file file:/etc/otelcol-contrib/config.yaml: open /etc/otelc
ol-contrib/config.yaml: permission denied




[root@d2-krw1a-dp-cvc-engine-01 cvc]# pwd
/cvc
[root@d2-krw1a-dp-cvc-engine-01 cvc]# ls
docker-compose.yaml  log  otelcol  otelcol-0.118.0.yaml

[root@d2-krw1a-dp-cvc-engine-01 cvc]# cat docker-compose.yaml 
version: '3.9'
services:
  otel-collector:
    image: paascommon-edcnnztb.scr.private.kr-west1.dev2.samsungsdscloud.com/cvc/opentelemetry-collector-contrib:0.118.0
    volumes:
      - /cvc/otelcol/otelcol-0.118.0.yaml:/etc/otelcol-contrib/config.yaml
      - /cvc/otelcol/file_storage/gateway:/var/lib/otelcol/file_storage/gateway
    ports:
      - 1888:1888 # pprof extension
      - 8888:8888 # Prometheus metrics exposed by the Collector
      - 8889:8889 # Prometheus exporter metrics
      - 13133:13133 # health_check extension
      - 4317:4317 # OTLP gRPC receiver
      - 4318:4318 # OTLP http receiver
      - 55679:55679 # zpages extension
  cvc-app:
    image: paascommon-edcnnztb.scr.private.kr-west1.dev2.samsungsdscloud.com/cvc/cvc-scanner:latest
    ports:
      - 8081:8081
    volumes:
      - /cvc/log:/app/logs




[root@d2-krw1a-dp-cvc-engine-01 cvc]# cat docker-compose.yaml 
version: '3.9'
services:
  otel-collector:
    image: paascommon-edcnnztb.scr.private.kr-west1.dev2.samsungsdscloud.com/cvc/opentelemetry-collector-contrib:0.118.0
    volumes:
      - /cvc/otelcol/otelcol-0.118.0.yaml:/etc/otelcol-contrib/config.yaml
      - /cvc/otelcol/file_storage/gateway:/var/lib/otelcol/file_storage/gateway
    ports:
      - 1888:1888 # pprof extension
      - 8888:8888 # Prometheus metrics exposed by the Collector
      - 8889:8889 # Prometheus exporter metrics
      - 13133:13133 # health_check extension
      - 4317:4317 # OTLP gRPC receiver
      - 4318:4318 # OTLP http receiver
      - 55679:55679 # zpages extension
  cvc-app:
    image: paascommon-edcnnztb.scr.private.kr-west1.dev2.samsungsdscloud.com/cvc/cvc-scanner:latest
    ports:
      - 8081:8081
    volumes:
      - /cvc/log:/app/logs


      
