[root@node1 src]# nginx -s stop
nginx: [error] invalid PID number "" in "/var/run/nginx.pid"
[root@node1 src]# cd /var/run/ngi^C
[root@node1 src]# nginx -v
nginx version: nginx/1.25.2
[root@node1 src]# nginx -s reopen
nginx: [error] invalid PID number "" in "/var/run/nginx.pid"
[root@node1 src]# nginx -s reload
nginx: [error] invalid PID number "" in "/var/run/nginx.pid"
[root@node1 src]# nginx -s stop
nginx: [error] invalid PID number "" in "/var/run/nginx.pid"
[root@node1 src]# nginx -s quit
nginx: [error] invalid PID number "" in "/var/run/nginx.pid"
[root@node1 src]# nginx -s stop
nginx: [error] invalid PID number "" in "/var/run/nginx.pid"
[root@node1 src]# nginx -s reload
nginx: [error] invalid PID number "" in "/var/run/nginx.pid"
[root@node1 src]# luajit -v
LuaJIT 2.1.1737090214 -- Copyright (C) 2005-2025 Mike Pall. https://luajit.org/
[root@node1 src]# ls /usr/local/share/lua
lua/        luajit-2.1/
[root@node1 src]# ls /usr/local/share/lua
lua/        luajit-2.1/
[root@node1 src]# ls /usr/local/share/lua/5.1/resty/core
core/     core.lua
[root@node1 src]# ls /usr/local/share/lua/5.1/resty/core.lua
/usr/local/share/lua/5.1/resty/core.lua
[root@node1 src]# nginx
nginx: [alert] failed to load the 'resty.core' module (https://github.com/openresty/lua-resty-core); ensure you are using an OpenResty release from https://openresty.org/en/download.html (reason: /usr/local/share/lua/5.1/resty/core/regex.lua:14: module 'resty.lrucache' not found:
        no field package.preload['resty.lrucache']
        no file '/usr/local/share/lua/5.1/resty/lrucache.lua'
        no file '/usr/local/share/lua/5.1/resty/lrucache/init.lua'
        no file './resty/lrucache.lua'
        no file '/usr/local/share/luajit-2.1/resty/lrucache.lua'
        no file '/usr/local/share/lua/5.1/resty/lrucache.lua'
        no file '/usr/local/share/lua/5.1/resty/lrucache/init.lua'
        no file '/usr/local/lib/lua/5.1/resty/lrucache.so'
        no file './resty/lrucache.so'
        no file '/usr/local/lib/lua/5.1/resty/lrucache.so'
        no file '/usr/local/lib/lua/5.1/loadall.so'
        no file '/usr/local/lib/lua/5.1/resty.so'
        no file './resty.so'
        no file '/usr/local/lib/lua/5.1/resty.so'
        no file '/usr/local/lib/lua/5.1/loadall.so') in /etc/nginx/nginx.conf:117
