[root@d2-krw1a-cp-scf-manager-01 ~]# dnf module list python3
Updating Subscription Management repositories.
Unable to read consumer identity

This system is not registered with an entitlement server. You can use subscription-manager to register.

Last metadata expiration check: 0:00:43 ago on Fri 09 May 2025 02:53:38 PM KST.
Error: No matching Modules to list
[root@d2-krw1a-cp-scf-manager-01 ~]# dnf module enable python36
Updating Subscription Management repositories.
Unable to read consumer identity

This system is not registered with an entitlement server. You can use subscription-manager to register.

dnLast metadata expiration check: 0:00:56 ago on Fri 09 May 2025 02:53:38 PM KST.
Error: Problems in request:
missing groups or modules: python36
[root@d2-krw1a-cp-scf-manager-01 ~]# dnf install python36
Updating Subscription Management repositories.
Unable to read consumer identity

This system is not registered with an entitlement server. You can use subscription-manager to register.

Last metadata expiration check: 0:00:58 ago on Fri 09 May 2025 02:53:38 PM KST.
Dependencies resolved.
=======================================================================================================================================================================================================================================
 Package                                                Architecture                              Version                                                                    Repository                                           Size
=======================================================================================================================================================================================================================================
Installing:
 python36                                               x86_64                                    3.6.8-39.module+el8.10.0+1910+234ad790                                     scf-package-repo                                     18 k
Upgrading:
 platform-python-pip                                    noarch                                    9.0.3-24.el8.rocky.0                                                       scf-package-repo                                    1.6 M
Installing dependencies:
 python3-pip                                            noarch                                    9.0.3-24.el8.rocky.0                                                       scf-package-repo                                     20 k

Transaction Summary
=======================================================================================================================================================================================================================================
Install  2 Packages
Upgrade  1 Package

Total size: 1.6 M
Is this ok [y/N]: y
Downloading Packages:
[SKIPPED] python3-pip-9.0.3-24.el8.rocky.0.noarch.rpm: Already downloaded                                                                                                                                                             
[SKIPPED] python36-3.6.8-39.module+el8.10.0+1910+234ad790.x86_64.rpm: Already downloaded                                                                                                                                              
[SKIPPED] platform-python-pip-9.0.3-24.el8.rocky.0.noarch.rpm: Already downloaded                                                                                                                                                     
Running transaction check
No available modular metadata for modular package 'python36-3.6.8-39.module+el8.10.0+1910+234ad790.x86_64', it cannot be installed on the system
The downloaded packages were saved in cache until the next successful transaction.
You can remove cached packages by executing 'dnf clean packages'.
Error: No available modular metadata for modular package
[root@d2-krw1a-cp-scf-manager-01 ~]# which python3
/usr/bin/which: no python3 in (/usr/local/sbin:/usr/local/bin:/usr/sbin:/usr/bin:/root/bin:/usr/local/bin:/root/bin)
[root@d2-krw1a-cp-scf-manager-01 ~]# python3 --version
-bash: python3: command not found

[root@d2-krw1a-cp-scf-manager-01 ~]# dnf install python3
Updating Subscription Management repositories.
Unable to read consumer identity

This system is not registered with an entitlement server. You can use subscription-manager to register.

scf-package-repo                                                                                                                                                                                        13 MB/s | 442 kB     00:00    
ske-package-repo                                                                                                                                                                                        12 MB/s | 353 kB     00:00    
Dependencies resolved.
=======================================================================================================================================================================================================================================
 Package                                                Architecture                              Version                                                                    Repository                                           Size
=======================================================================================================================================================================================================================================
Installing:
 python36                                               x86_64                                    3.6.8-39.module+el8.10.0+1910+234ad790                                     scf-package-repo                                     18 k
Upgrading:
 platform-python-pip                                    noarch                                    9.0.3-24.el8.rocky.0                                                       scf-package-repo                                    1.6 M
Installing dependencies:
 python3-pip                                            noarch                                    9.0.3-24.el8.rocky.0                                                       scf-package-repo                                     20 k

Transaction Summary
=======================================================================================================================================================================================================================================
Install  2 Packages
Upgrade  1 Package

Total download size: 1.6 M
Is this ok [y/N]: y
Downloading Packages:
(1/3): python3-pip-9.0.3-24.el8.rocky.0.noarch.rpm                                                                                                                                                     1.8 MB/s |  20 kB     00:00    
(2/3): python36-3.6.8-39.module+el8.10.0+1910+234ad790.x86_64.rpm                                                                                                                                      1.0 MB/s |  18 kB     00:00    
(3/3): platform-python-pip-9.0.3-24.el8.rocky.0.noarch.rpm                                                                                                                                              34 MB/s | 1.6 MB     00:00    
---------------------------------------------------------------------------------------------------------------------------------------------------------------------------------------------------------------------------------------
Total                                                                                                                                                                                                   34 MB/s | 1.6 MB     00:00     
Running transaction check
No available modular metadata for modular package 'python36-3.6.8-39.module+el8.10.0+1910+234ad790.x86_64', it cannot be installed on the system
The downloaded packages were saved in cache until the next successful transaction.
You can remove cached packages by executing 'dnf clean packages'.
Error: No available modular metadata for modular package
[root@d2-krw1a-cp-scf-manager-01 ~]# scf-repo-668697f46-twbrn ^C
[root@d2-krw1a-cp-scf-manager-01 ~]# ^C
[root@d2-krw1a-cp-scf-manager-01 ~]# yum search nginxyum list | grep python3
Last metadata expiration check: 0:00:46 ago on Fri 09 May 2025 02:50:41 PM KST.
No matches found.

[root@d2-krw1a-cp-scf-manager-01 ~]# yum list | grep python3
python3-audit.x86_64                          3.0.7-5.el8                                 @anaconda           
python3-babel.noarch                          2.5.1-7.el8                                 @LocalRepo_AppStream
python3-bind.noarch                           32:9.11.36-13.el8                           @SCP_OS_AppStream   
python3-cffi.x86_64                           1.11.5-5.el8                                @LocalRepo_BaseOS   
python3-chardet.noarch                        3.0.4-7.el8                                 @anaconda           
python3-cloud-what.x86_64                     1.28.40-1.el8_9                             @anaconda           
python3-configobj.noarch                      5.0.6-11.el8                                @LocalRepo_BaseOS   
python3-cryptography.x86_64                   3.2.1-5.el8                                 @LocalRepo_BaseOS   
python3-dateutil.noarch                       1:2.6.1-6.el8                               @anaconda           
python3-dbus.x86_64                           1.2.4-15.el8                                @anaconda           
python3-decorator.noarch                      4.2.1-2.el8                                 @anaconda           
python3-dnf.noarch                            4.7.0-19.el8                                @anaconda           
python3-dnf-plugins-core.noarch               4.0.21-23.el8                               @anaconda           
python3-ethtool.x86_64                        0.14-5.el8                                  @anaconda           
python3-firewall.noarch                       0.9.11-1.el8_8                              @anaconda           
python3-gobject-base.x86_64                   3.28.3-2.el8                                @anaconda           
python3-gpg.x86_64                            1.13.1-11.el8                               @anaconda           
python3-hawkey.x86_64                         0.63.0-17.el8_9                             @anaconda           
python3-idna.noarch                           2.5-5.el8                                   @anaconda           
python3-iniparse.noarch                       0.4-31.el8                                  @anaconda           
python3-inotify.noarch                        0.9.6-13.el8                                @anaconda           
python3-jinja2.noarch                         2.10.1-3.el8                                @LocalRepo_AppStream
python3-jsonpatch.noarch                      1.21-2.el8                                  @LocalRepo_AppStream
python3-jsonpointer.noarch                    1.10-11.el8                                 @LocalRepo_AppStream
python3-jsonschema.noarch                     2.6.0-4.el8                                 @LocalRepo_AppStream
python3-jwt.noarch                            1.6.1-2.el8                                 @LocalRepo_BaseOS   
python3-libcomps.x86_64                       0.1.18-1.el8                                @anaconda           
python3-libdnf.x86_64                         0.63.0-17.el8_9                             @anaconda           
python3-librepo.x86_64                        1.14.2-4.el8                                @anaconda           
python3-libs.x86_64                           3.6.8-56.el8_9                              @anaconda           
python3-libselinux.x86_64                     2.9-8.el8                                   @anaconda           
python3-libsemanage.x86_64                    2.9-9.el8_6                                 @LocalRepo_BaseOS   
python3-linux-procfs.noarch                   0.7.1-1.el8                                 @anaconda           
python3-magic.noarch                          5.33-25.el8                                 @anaconda           
python3-markupsafe.x86_64                     0.23-19.el8                                 @LocalRepo_AppStream
python3-netifaces.x86_64                      0.10.6-4.el8                                @LocalRepo_AppStream
python3-nftables.x86_64                       1:1.0.4-3.el8_9                             @anaconda           
python3-oauthlib.noarch                       2.1.0-1.el8                                 @LocalRepo_BaseOS   
python3-perf.x86_64                           4.18.0-513.5.1.el8_9                        @anaconda           
python3-pexpect.noarch                        4.3.1-3.el8                                 @LocalRepo_AppStream
python3-pip-wheel.noarch                      9.0.3-23.el8                                @anaconda           
python3-ply.noarch                            3.9-9.el8                                   @LocalRepo_BaseOS   
python3-policycoreutils.noarch                2.9-24.el8                                  @anaconda           
python3-prettytable.noarch                    0.7.2-14.el8                                @LocalRepo_AppStream
python3-ptyprocess.noarch                     0.5.2-4.el8                                 @LocalRepo_AppStream
python3-pycparser.noarch                      2.14-14.el8                                 @LocalRepo_BaseOS   
python3-pyparsing.noarch                      2.1.10-7.el8                                @LocalRepo_BaseOS   
python3-pyserial.noarch                       3.1.1-8.el8                                 @LocalRepo_AppStream
python3-pysocks.noarch                        1.6.8-3.el8                                 @anaconda           
python3-pytz.noarch                           2017.2-9.el8                                @LocalRepo_AppStream
python3-pyudev.noarch                         0.21.0-7.el8                                @anaconda           
python3-pyyaml.x86_64                         3.12-12.el8                                 @anaconda           
python3-requests.noarch                       2.20.0-3.el8_8                              @anaconda           
python3-rpm.x86_64                            4.14.3-26.el8                               @anaconda           
python3-rpm-macros.noarch                     3-43.el8                                    @LocalRepo_AppStream
python3-setools.x86_64                        4.3.0-5.el8                                 @anaconda           
python3-setuptools.noarch                     39.2.0-7.el8                                @LocalRepo_BaseOS   
python3-setuptools-wheel.noarch               39.2.0-7.el8                                @anaconda           
python3-six.noarch                            1.11.0-8.el8                                @anaconda           
python3-slip.noarch                           0.6.4-13.el8                                @anaconda           
python3-slip-dbus.noarch                      0.6.4-13.el8                                @anaconda           
python3-subscription-manager-rhsm.x86_64      1.28.40-1.el8_9                             @anaconda           
python3-syspurpose.x86_64                     1.28.40-1.el8_9                             @anaconda           
python3-systemd.x86_64                        234-8.el8                                   @anaconda           
python3-unbound.x86_64                        1.16.2-5.el8                                @AppStream          
python3-urllib3.noarch                        1.24.2-5.el8                                @anaconda           
python3-libs.x86_64                           3.6.8-69.el8_10.rocky.0                     scf-package-repo    
python3-libxml2.x86_64                        2.9.7-18.el8_9                              ske-package-repo    
python3-pip.noarch                            9.0.3-24.el8.rocky.0                        scf-package-repo    
python3-pip-wheel.noarch                      9.0.3-24.el8.rocky.0                        scf-package-repo    
python3-rpm.x86_64                            4.14.3-28.el8_9                             ske-package-repo    
python3-setuptools.noarch                     39.2.0-8.el8_10                             scf-package-repo    
python3-setuptools-wheel.noarch               39.2.0-8.el8_10                             scf-package-repo    
python36.x86_64                               3.6.8-39.module+el8.10.0+1910+234ad790      scf-package-repo 

[root@d2-krw1a-cp-scf-manager-01 ~]# rpm -qa |grep python3
python3-setuptools-wheel-39.2.0-7.el8.noarch
python3-dateutil-2.6.1-6.el8.noarch
python3-linux-procfs-0.7.1-1.el8.noarch
python3-librepo-1.14.2-4.el8.x86_64
python3-pyparsing-2.1.10-7.el8.noarch
python3-policycoreutils-2.9-24.el8.noarch
python3-idna-2.5-5.el8.noarch
python3-nftables-1.0.4-3.el8_9.x86_64
python3-urllib3-1.24.2-5.el8.noarch
python3-pyyaml-3.12-12.el8.x86_64
python3-pytz-2017.2-9.el8.noarch
python3-jsonpointer-1.10-11.el8.noarch
python3-ply-3.9-9.el8.noarch
python3-jwt-1.6.1-2.el8.noarch
python3-pip-wheel-9.0.3-23.el8.noarch
python3-decorator-4.2.1-2.el8.noarch
python3-iniparse-0.4-31.el8.noarch
python3-syspurpose-1.28.40-1.el8_9.x86_64
python3-unbound-1.16.2-5.el8.x86_64
python3-slip-0.6.4-13.el8.noarch
python3-pyudev-0.21.0-7.el8.noarch
python3-slip-dbus-0.6.4-13.el8.noarch
python3-gobject-base-3.28.3-2.el8.x86_64
python3-hawkey-0.63.0-17.el8_9.x86_64
python3-gpg-1.13.1-11.el8.x86_64
python3-rpm-4.14.3-26.el8.x86_64
python3-systemd-234-8.el8.x86_64
python3-audit-3.0.7-5.el8.x86_64
python3-ethtool-0.14-5.el8.x86_64
python3-inotify-0.9.6-13.el8.noarch
python3-dnf-4.7.0-19.el8.noarch
python3-dnf-plugins-core-4.0.21-23.el8.noarch
python3-magic-5.33-25.el8.noarch
python3-firewall-0.9.11-1.el8_8.noarch
python3-pysocks-1.6.8-3.el8.noarch
python3-requests-2.20.0-3.el8_8.noarch
python3-libs-3.6.8-56.el8_9.x86_64
python3-rpm-macros-3-43.el8.noarch
python3-libsemanage-2.9-9.el8_6.x86_64
python3-subscription-manager-rhsm-1.28.40-1.el8_9.x86_64
python3-netifaces-0.10.6-4.el8.x86_64
python3-babel-2.5.1-7.el8.noarch
python3-jsonschema-2.6.0-4.el8.noarch
python3-jsonpatch-1.21-2.el8.noarch
python3-prettytable-0.7.2-14.el8.noarch
python3-pycparser-2.14-14.el8.noarch
python3-cryptography-3.2.1-5.el8.x86_64
python3-oauthlib-2.1.0-1.el8.noarch
python3-ptyprocess-0.5.2-4.el8.noarch
python3-setuptools-39.2.0-7.el8.noarch
python3-six-1.11.0-8.el8.noarch
python3-libselinux-2.9-8.el8.x86_64
python3-setools-4.3.0-5.el8.x86_64
python3-dbus-1.2.4-15.el8.x86_64
python3-libdnf-0.63.0-17.el8_9.x86_64
python3-chardet-3.0.4-7.el8.noarch
python3-libcomps-0.1.18-1.el8.x86_64
python3-perf-4.18.0-513.5.1.el8_9.x86_64
python3-cloud-what-1.28.40-1.el8_9.x86_64
python3-markupsafe-0.23-19.el8.x86_64
python3-jinja2-2.10.1-3.el8.noarch
python3-pyserial-3.1.1-8.el8.noarch
python3-cffi-1.11.5-5.el8.x86_64
python3-configobj-5.0.6-11.el8.noarch
python3-bind-9.11.36-13.el8.noarch
python3-pexpect-4.3.1-3.el8.noarch

[root@d2-krw1a-cp-scf-manager-01 ~]# python3
-bash: python3: command not found
