j1.son@j1-son002 MINGW64 /c/project/demo (develop)
$ git pull origin develop
From https://code.sdsdev.co.kr/sdspaas/cvc-scanner
 * branch            develop    -> FETCH_HEAD
fatal: refusing to merge unrelated histories

j1.son@j1-son002 MINGW64 /c/project/demo (develop)
$ git log
commit 5b9ff9817a1f88253c3a8877735d68d43157ad69 (HEAD -> develop, origin/master, origin/feature-cvc-scanner-first-init, feature-cvc-scanner-first-init, feature-cvc-scanner)
Author: jeongwonson <j1.son@samsung.com>
Date:   Tue Jan 14 03:04:02 2025 +0900

    Initial commit: Add Virus scanner service code
